// Jest Snapshot v1, https://goo.gl/fbAQLP

exports[`IGCParser parse() 1G_77fv6m71.igc 1`] = `
Object {
  "aRecord": Object {
    "additionalData": null,
    "loggerId": "6M7",
    "manufacturer": "LXNAV",
    "numFlight": 1,
  },
  "callsign": "1G",
  "competitionClass": "Club",
  "copilot": null,
  "dataRecords": Array [
    Object {
      "extensions": Object {
        "WDI": "320",
        "WVE": "0071",
      },
      "time": "10:18:59",
      "timestamp": 1500113939000,
    },
    Object {
      "extensions": Object {
        "WDI": "880",
        "WVE": "1117",
      },
      "time": "12:37:02",
      "timestamp": 1500122222000,
    },
    Object {
      "extensions": Object {
        "WDI": "840",
        "WVE": "1002",
      },
      "time": "14:36:18",
      "timestamp": 1500129378000,
    },
  ],
  "date": "2017-07-15",
  "firmwareVersion": "6.0rc6",
  "fixes": Array [
    Object {
      "enl": 0.04,
      "extensions": Object {
        "ACZ": "100",
        "ENL": "040",
        "FXA": "060",
        "GSP": "00051",
        "OAT": "2400",
        "TAS": "00000",
        "TRT": "650",
        "VAT": "00010",
      },
      "fixAccuracy": 60,
      "gpsAltitude": 49,
      "latitude": 51.0107,
      "longitude": 7.010066666666667,
      "pressureAltitude": -42,
      "time": "10:18:26",
      "timestamp": 1500113906000,
      "valid": true,
    },
    Object {
      "enl": 0.041,
      "extensions": Object {
        "ACZ": "090",
        "ENL": "041",
        "FXA": "070",
        "GSP": "06662",
        "OAT": "2010",
        "TAS": "24341",
        "TRT": "60-",
        "VAT": "01290",
      },
      "fixAccuracy": 70,
      "gpsAltitude": 873,
      "latitude": 50.84336666666667,
      "longitude": 6.4120333333333335,
      "pressureAltitude": 773,
      "time": "11:37:45",
      "timestamp": 1500118665000,
      "valid": true,
    },
    Object {
      "enl": 0.04,
      "extensions": Object {
        "ACZ": "120",
        "ENL": "040",
        "FXA": "070",
        "GSP": "90033",
        "OAT": "2190",
        "TAS": "89120",
        "TRT": "54-",
        "VAT": "00740",
      },
      "fixAccuracy": 70,
      "gpsAltitude": 478,
      "latitude": 50.60658333333333,
      "longitude": 6.79495,
      "pressureAltitude": 378,
      "time": "12:28:38",
      "timestamp": 1500121718000,
      "valid": true,
    },
    Object {
      "enl": 0.04,
      "extensions": Object {
        "ACZ": "090",
        "ENL": "040",
        "FXA": "060",
        "GSP": "00153",
        "OAT": "2610",
        "TAS": "00000",
        "TRT": "30-",
        "VAT": "00010",
      },
      "fixAccuracy": 60,
      "gpsAltitude": 50,
      "latitude": 51.0137,
      "longitude": 7.007866666666667,
      "pressureAltitude": -40,
      "time": "14:39:10",
      "timestamp": 1500129550000,
      "valid": true,
    },
  ],
  "gliderType": "ASW 19",
  "hardwareVersion": "23",
  "loggerType": "LXNAV,LX8080",
  "pilot": "Florian Graf",
  "registration": "D-2019",
  "security": "440FA49446EB4CDA7E1CB4B7D1F33A33F421E7A92656F2AEAE0A18356531A5B1E7C45C72F5C819E94A5DB32640019DC09BAB2EE64BE9FD1B558B9538308598C71F34C38E008D1AB9B859C762747F6B862B52D377C1D1C4D2BFDE801B63B9013AB53F4DF1A5DA6B1D8BCEF04ECF0D54D5895FF1C00DF131F7030241CB7E9C3FAEC1B8D",
}
`;

exports[`IGCParser parse() 654G6NG1.IGC 1`] = `
Object {
  "aRecord": Object {
    "additionalData": null,
    "loggerId": "6NG",
    "manufacturer": "Flarm",
    "numFlight": null,
  },
  "callsign": "TH",
  "competitionClass": "Club",
  "copilot": "",
  "dataRecords": Array [],
  "date": "2016-05-04",
  "firmwareVersion": "Flarm-IGC06.01",
  "fixes": Array [
    Object {
      "enl": null,
      "extensions": Object {
        "FXA": "020",
        "SIU": "8",
      },
      "fixAccuracy": 20,
      "gpsAltitude": 230,
      "latitude": 50.82191666666667,
      "longitude": 6.18165,
      "pressureAltitude": 48,
      "time": "08:10:42",
      "timestamp": 1462349442000,
      "valid": true,
    },
    Object {
      "enl": null,
      "extensions": Object {
        "FXA": "030",
        "SIU": "9",
      },
      "fixAccuracy": 30,
      "gpsAltitude": 1223,
      "latitude": 50.803333333333335,
      "longitude": 6.216966666666667,
      "pressureAltitude": 1067,
      "time": "08:19:54",
      "timestamp": 1462349994000,
      "valid": true,
    },
    Object {
      "enl": null,
      "extensions": Object {
        "FXA": "021",
        "SIU": "0",
      },
      "fixAccuracy": 21,
      "gpsAltitude": 1013,
      "latitude": 50.6964,
      "longitude": 6.4348,
      "pressureAltitude": 846,
      "time": "08:39:42",
      "timestamp": 1462351182000,
      "valid": true,
    },
    Object {
      "enl": null,
      "extensions": Object {
        "FXA": "030",
        "SIU": "9",
      },
      "fixAccuracy": 30,
      "gpsAltitude": 1857,
      "latitude": 49.21015,
      "longitude": 7.758483333333333,
      "pressureAltitude": 1718,
      "time": "11:31:42",
      "timestamp": 1462361502000,
      "valid": true,
    },
    Object {
      "enl": null,
      "extensions": Object {
        "FXA": "031",
        "SIU": "0",
      },
      "fixAccuracy": 31,
      "gpsAltitude": 238,
      "latitude": 50.82215,
      "longitude": 6.189266666666667,
      "pressureAltitude": 72,
      "time": "19:04:54",
      "timestamp": 1462388694000,
      "valid": true,
    },
  ],
  "gliderType": "ASG-29E (18m)",
  "hardwareVersion": "Flarm-IGC06",
  "loggerType": "Flarm-IGC",
  "pilot": "",
  "registration": "D-KCSS",
  "security": "60DC059E2D2F6CAD2E889224E355DBDDB805CAB100000639B49FC5F280A292C990F554789F12381380720000",
}
`;

exports[`IGCParser parse() throws if HFDTE is missing 1`] = `"Missing HFDTE record"`;

exports[`IGCParser parseARecord() [empty] -> ğŸ’¥  1`] = `"Invalid A record at line 0: "`;

exports[`IGCParser parseARecord() HFDTE -> ğŸ’¥  1`] = `"Invalid A record at line 0: HFDTE"`;

exports[`IGCParser parseARecord() HFDTE1234?6 -> ğŸ’¥  1`] = `"Invalid A record at line 0: HFDTE1234?6"`;

exports[`IGCParser parseARecord() HFDTEXXXXXX -> ğŸ’¥  1`] = `"Invalid A record at line 0: HFDTEXXXXXX"`;

exports[`IGCParser parseBRecord() [empty] -> ğŸ’¥  1`] = `"Invalid B record at line 0: "`;

exports[`IGCParser parseBRecord() B10a6555103888N00703115EA0065700751 -> ğŸ’¥  1`] = `"Invalid B record at line 0: B10a6555103888N00703115EA0065700751"`;

exports[`IGCParser parseBRecord() B102655510Z888N00703115EA0065700751 -> ğŸ’¥  1`] = `"Invalid B record at line 0: B102655510Z888N00703115EA0065700751"`;

exports[`IGCParser parseBRecord() B1026555103888N00703115NA0065700751 -> ğŸ’¥  1`] = `"Invalid B record at line 0: B1026555103888N00703115NA0065700751"`;

exports[`IGCParser parseBRecord() B1026555103888X00703115EA0065700751 -> ğŸ’¥  1`] = `"Invalid B record at line 0: B1026555103888X00703115EA0065700751"`;

exports[`IGCParser parseBRecord() throws for missing "dateHeader" 1`] = `"Missing HFDTE record before first B record"`;

exports[`IGCParser parseCopilot() [empty] -> ğŸ’¥  1`] = `"Invalid CM2 header at line 0: "`;

exports[`IGCParser parseCopilot() HFCM1:John Doe -> ğŸ’¥  1`] = `"Invalid CM2 header at line 0: HFCM1:John Doe"`;

exports[`IGCParser parseCopilot() HXCM2:John Doe -> ğŸ’¥  1`] = `"Invalid CM2 header at line 0: HXCM2:John Doe"`;

exports[`IGCParser parseDateHeader() [empty] -> ğŸ’¥  1`] = `"Invalid DTE header at line 0: "`;

exports[`IGCParser parseDateHeader() HFDTE -> ğŸ’¥  1`] = `"Invalid DTE header at line 0: HFDTE"`;

exports[`IGCParser parseDateHeader() HFDTE1234?6 -> ğŸ’¥  1`] = `"Invalid DTE header at line 0: HFDTE1234?6"`;

exports[`IGCParser parseDateHeader() HFDTEXXXXXX -> ğŸ’¥  1`] = `"Invalid DTE header at line 0: HFDTEXXXXXX"`;

exports[`IGCParser parseIJRecord() [empty] -> ğŸ’¥  1`] = `"Invalid undefined record at line 0: "`;

exports[`IGCParser parseIJRecord() I0136FXA38 -> ğŸ’¥  1`] = `"Invalid I record at line 0: I0136FXA38"`;

exports[`IGCParser parseIJRecord() I023638FXA -> ğŸ’¥  1`] = `"Invalid I record at line 0: I023638FXA"`;

exports[`IGCParser parsePilot() [empty] -> ğŸ’¥  1`] = `"Invalid PLT header at line 0: "`;

exports[`IGCParser parsePilot() HFPLX:John Doe -> ğŸ’¥  1`] = `"Invalid PLT header at line 0: HFPLX:John Doe"`;

exports[`IGCParser parsePilot() HXPLT:John Doe -> ğŸ’¥  1`] = `"Invalid PLT header at line 0: HXPLT:John Doe"`;
