// Jest Snapshot v1, https://goo.gl/fbAQLP

exports[`RacingTaskSolver with task "2017-07-17-lev.tsk" can handle outlandings 1`] = `
Object {
  "completed": false,
  "distance": 94373.82458252949,
  "path": Array [
    StartEvent {
      "point": Array [
        6.918229576254002,
        51.12778865347444,
      ],
      "time": 1500300414068.079,
      "type": "start",
    },
    TurnEvent {
      "num": 1,
      "point": Array [
        6.28125,
        50.989016666666664,
      ],
      "time": 1500306180000,
      "type": "turn",
    },
    TurnEvent {
      "num": 2,
      "point": Array [
        6.1937500000000005,
        51.1723,
      ],
      "time": 1500308465000,
      "type": "turn",
    },
  ],
  "speed": undefined,
  "time": undefined,
}
`;

exports[`RacingTaskSolver with task "2017-07-17-lev.tsk" returns a result 1`] = `
Object {
  "completed": true,
  "distance": 136420.85415876907,
  "path": Array [
    StartEvent {
      "point": Array [
        6.931183547909382,
        51.084669377299946,
      ],
      "time": 1500303057174.9868,
      "type": "start",
    },
    TurnEvent {
      "num": 1,
      "point": Array [
        6.2829,
        50.996633333333335,
      ],
      "time": 1500305067000,
      "type": "turn",
    },
    TurnEvent {
      "num": 2,
      "point": Array [
        6.194816666666667,
        51.173249999999996,
      ],
      "time": 1500306715000,
      "type": "turn",
    },
    TurnEvent {
      "num": 3,
      "point": Array [
        6.6080499999999995,
        50.96866666666667,
      ],
      "time": 1500308407000,
      "type": "turn",
    },
    FinishEvent {
      "point": Array [
        7.0059431866500335,
        51.09842073530803,
      ],
      "time": 1500309547162.7456,
      "type": "finish",
    },
  ],
  "speed": 75.67272747263294,
  "time": 6489.987758789062,
}
`;
